
 TK83

 Start         Length     Name                   Class
 0001:00000000 0000E37F8H TEXT32                 CODE 32-bit
 0001:000E37F8 000000004H SET1___CTOR_LIST__     CODE 32-bit
 0001:000E37FC 000000000H SET2___CTOR_LIST__     CODE 32-bit
 0001:000E37FC 000000004H SET3___CTOR_LIST__     CODE 32-bit
 0001:000E3800 000000004H SET1___DTOR_LIST__     CODE 32-bit
 0001:000E3804 000000000H SET2___DTOR_LIST__     CODE 32-bit
 0001:000E3804 000000004H SET3___DTOR_LIST__     CODE 32-bit
 0001:000E3808 000000004H SET1___crtinit1__      CODE 32-bit
 0001:000E380C 000000000H SET2___crtinit1__      CODE 32-bit
 0001:000E380C 000000004H SET3___crtinit1__      CODE 32-bit
 0001:000E3810 000000004H SET1___crtexit1__      CODE 32-bit
 0001:000E3814 000000000H SET2___crtexit1__      CODE 32-bit
 0001:000E3814 000000004H SET3___crtexit1__      CODE 32-bit
 0001:000E3818 000000004H SET1___eh_frame__      CODE 32-bit
 0001:000E381C 000000000H SET2___eh_frame__      CODE 32-bit
 0001:000E381C 000000004H SET3___eh_frame__      CODE 32-bit
 0002:00000000 00000C4D8H DATA32                 DATA 32-bit
 0002:0000C4D8 000000D60H BSS32                  BSS 32-bit
 0002:0000D238 0000000FCH c_common               BSS 32-bit

 Origin   Group
 0000:0   FLAT
 0002:0   DGROUP

 Address       Export                  Alias

 0002:0000B7DC dllHandle               dllHandle
 0002:0000B908 globalPS                globalPS
 0002:0000B3FC nextColor               nextColor
 0002:0000BA0C oldFrameProc            oldFrameProc
 0002:0000575C optionType              optionType
 0001:000AE9E0 sighandler              sighandler
 0002:00009128 textWrapModeOption      textWrapModeOption
 0001:0006F7E8 TkActivateMenuEntry     TkActivateMenuEntry
 0001:000C6C5C TkAlignImageData        TkAlignImageData
 0001:000A160C TkAllocWindow           TkAllocWindow
 0002:00003F48 tkArcType               tkArcType
 0002:00006CF4 tkBasicMenuEntryConfigSpecs  tkBasicMenuEntryConfigSpecs
 0001:0009D2B8 TkBezierPoints          TkBezierPoints
 0001:0009D19C TkBezierScreenPoints    TkBezierScreenPoints
 0002:00004F48 tkBezierSmoothMethod    tkBezierSmoothMethod
 0001:00006314 TkBindDeadWindow        TkBindDeadWindow
 0001:00039A10 TkBindEventProc         TkBindEventProc
 0001:00004EB0 TkBindFree              TkBindFree
 0001:00004CA4 TkBindInit              TkBindInit
 0002:00006408 tkBitmapImageType       tkBitmapImageType
 0002:00004160 tkBitmapType            tkBitmapType
 0001:0008DE44 TkBTreeBytesInLine      TkBTreeBytesInLine
 0001:0008DDDC TkBTreeCharsInLine      TkBTreeCharsInLine
 0001:0008BE3C TkBTreeCharTagged       TkBTreeCharTagged
 0001:0008C944 TkBTreeCheck            TkBTreeCheck
 0001:0008A254 TkBTreeCreate           TkBTreeCreate
 0002:00009140 tkBTreeDebug            tkBTreeDebug
 0001:0008A7DC TkBTreeDeleteChars      TkBTreeDeleteChars
 0001:0008A364 TkBTreeDestroy          TkBTreeDestroy
 0001:0008AB54 TkBTreeFindLine         TkBTreeFindLine
 0001:0008BF94 TkBTreeGetTags          TkBTreeGetTags
 0001:0008A468 TkBTreeInsertChars      TkBTreeInsertChars
 0001:0008AD6C TkBTreeLineIndex        TkBTreeLineIndex
 0001:0008AE00 TkBTreeLinkSegment      TkBTreeLinkSegment
 0001:0008ABF0 TkBTreeNextLine         TkBTreeNextLine
 0001:0008B8DC TkBTreeNextTag          TkBTreeNextTag
 0001:0008D7CC TkBTreeNumLines         TkBTreeNumLines
 0001:0008AC68 TkBTreePreviousLine     TkBTreePreviousLine
 0001:0008BB00 TkBTreePrevTag          TkBTreePrevTag
 0001:0008B5C8 TkBTreeStartSearch      TkBTreeStartSearch
 0001:0008B730 TkBTreeStartSearchBack  TkBTreeStartSearchBack
 0001:0008AEC4 TkBTreeTag              TkBTreeTag
 0001:0008AE70 TkBTreeUnlinkSegment    TkBTreeUnlinkSegment
 0001:0000C9C0 TkButtonWorldChanged    TkButtonWorldChanged
 0001:00029FBC TkCanvasDashParseProc   TkCanvasDashParseProc
 0001:00029FEC TkCanvasDashPrintProc   TkCanvasDashPrintProc
 0001:000228D8 TkCanvPostscriptCmd     TkCanvPostscriptCmd
 0002:000071A4 tkCascadeEntryConfigSpecs  tkCascadeEntryConfigSpecs
 0001:0005011C TkChangeEventWindow     TkChangeEventWindow
 0002:00006F9C tkCheckButtonEntryConfigSpecs  tkCheckButtonEntryConfigSpecs
 0001:000D1064 TkClipBox               TkClipBox
 0001:00039608 TkClipInit              TkClipInit
 0001:0009FD58 TkComputeAnchor         TkComputeAnchor
 0001:0003FC70 TkConsolePrint          TkConsolePrint
 0001:0000A1CC TkCopyAndGlobalEval     TkCopyAndGlobalEval
 0001:00005230 TkCreateBindingProcedure  TkCreateBindingProcedure
 0001:000B1448 TkCreateCursorFromData  TkCreateCursorFromData
 0001:0004C4D8 TkCreateFrame           TkCreateFrame
 0001:000A1B68 TkCreateMainWindow      TkCreateMainWindow
 0001:0006C544 TkCreateMenuCmd         TkCreateMenuCmd
 0001:00070684 TkCreateMenuReferences  TkCreateMenuReferences
 0001:000D0F14 TkCreateRegion          TkCreateRegion
 0001:000457DC TkCurrentTime           TkCurrentTime
 0001:0003C428 TkDeadAppCmd            TkDeadAppCmd
 0001:0000B1A4 TkDebugBitmap           TkDebugBitmap
 0001:00001638 TkDebugBorder           TkDebugBorder
 0001:0003CEB0 TkDebugColor            TkDebugColor
 0001:0003F15C TkDebugConfig           TkDebugConfig
 0001:000407E0 TkDebugCursor           TkDebugCursor
 0001:0004C164 TkDebugFont             TkDebugFont
 0001:000572BC TkDeleteAllImages       TkDeleteAllImages
 0001:0006DCB0 TkDestroyMenu           TkDestroyMenu
 0001:000D0F80 TkDestroyRegion         TkDestroyRegion
 0001:000A2E14 TkDoConfigureNotify     TkDoConfigureNotify
 0001:0009F6F0 TkDrawInsetFocusHighlight  TkDrawInsetFocusHighlight
 0001:0004575C TkEventDeadWindow       TkEventDeadWindow
 0001:000450D0 TkEventInit             TkEventInit
 0001:00072648 TkEventuallyRecomputeMenu  TkEventuallyRecomputeMenu
 0001:000726B8 TkEventuallyRedrawMenu  TkEventuallyRedrawMenu
 0001:00081A34 TkEventuallyRedrawScale  TkEventuallyRedrawScale
 0001:0001C838 TkFillPolygon           TkFillPolygon
 0001:00070714 TkFindMenuReferences    TkFindMenuReferences
 0001:0007076C TkFindMenuReferencesObj  TkFindMenuReferencesObj
 0001:0009FEF4 TkFindStateNum          TkFindStateNum
 0001:0009FFC8 TkFindStateNumObj       TkFindStateNumObj
 0001:0009FEAC TkFindStateString       TkFindStateString
 0001:00047050 TkFocusDeadWindow       TkFocusDeadWindow
 0001:0004690C TkFocusFilterEvent      TkFocusFilterEvent
 0001:00046EF8 TkFocusKeyEvent         TkFocusKeyEvent
 0001:0004C048 TkFontGetAliasList      TkFontGetAliasList
 0001:0004C10C TkFontGetFallbacks      TkFontGetFallbacks
 0001:0004C11C TkFontGetGlobalClass    TkFontGetGlobalClass
 0001:0004BE94 TkFontGetPixels         TkFontGetPixels
 0001:0004BF78 TkFontGetPoints         TkFontGetPoints
 0001:0004C12C TkFontGetSymbolClass    TkFontGetSymbolClass
 0001:0004B634 TkFontParseXLFD         TkFontParseXLFD
 0001:000476DC TkFontPkgFree           TkFontPkgFree
 0001:0004762C TkFontPkgInit           TkFontPkgInit
 0001:00039EB4 TkFreeBindingTags       TkFreeBindingTags
 0001:00045EA4 TkFreeFileFilters       TkFreeFileFilters
 0001:000707A0 TkFreeMenuReferences    TkFreeMenuReferences
 0001:0007CF54 TkGenerateActivateEvents  TkGenerateActivateEvents
 0001:00057C84 TkGetBitmapData         TkGetBitmapData
 0001:0000B288 TkGetBitmapPredefTable  TkGetBitmapPredefTable
 0001:0009EA90 TkGetButtPoints         TkGetButtPoints
 0001:000B1290 TkGetCursorByName       TkGetCursorByName
 0001:000E02FC TkGetDefaultScreenName  TkGetDefaultScreenName
 0001:000A156C TkGetDisplay            TkGetDisplay
 0001:000A15BC TkGetDisplayList        TkGetDisplayList
 0001:0003C320 TkGetDisplayOf          TkGetDisplayOf
 0001:0004EE98 TkGetDoublePixels       TkGetDoublePixels
 0001:00045CE4 TkGetFileFilters        TkGetFileFilters
 0001:00046EBC TkGetFocusWin           TkGetFocusWin
 0001:000D2D1C TkGetInterpNames        TkGetInterpNames
 0001:000A15E4 TkGetMainInfoList       TkGetMainInfoList
 0001:00070620 TkGetMenuHashTable      TkGetMenuHashTable
 0001:0006ED10 TkGetMenuIndex          TkGetMenuIndex
 0001:0009E650 TkGetMiterPoints        TkGetMiterPoints
 0001:000D0B90 TkGetPointerCoords      TkGetPointerCoords
 0001:000DFF0C TkGetServerInfo         TkGetServerInfo
 0001:00074A88 TkGetWindowFromObj      TkGetWindowFromObj
 0001:00050850 TkGrabDeadWindow        TkGrabDeadWindow
 0001:00050C04 TkGrabState             TkGrabState
 0002:000042B8 tkImageType             tkImageType
 0002:00006518 tkImgFmtGIF             tkImgFmtGIF
 0002:00006550 tkImgFmtPPM             tkImgFmtPPM
 0001:0009D0FC TkIncludePoint          TkIncludePoint
 0001:00045C60 TkInitFileFilters       TkInitFileFilters
 0001:00050250 TkInOutEvents           TkInOutEvents
 0001:0004D57C TkInstallFrameMenu      TkInstallFrameMenu
 0001:000D1198 TkIntersectRegion       TkIntersectRegion
 0002:0000BE6C tkIntPlatStubs          tkIntPlatStubs
 0002:0000BC34 tkIntStubs              tkIntStubs
 0002:0000BF28 tkIntXlibStubs          tkIntXlibStubs
 0001:0000CD5C TkInvokeButton          TkInvokeButton
 0001:0006D7D0 TkInvokeMenu            TkInvokeMenu
 0001:0000A180 TkKeysymToString        TkKeysymToString
 0001:0009BC38 TkLineToArea            TkLineToArea
 0001:0009B7E4 TkLineToPoint           TkLineToPoint
 0002:00004658 tkLineType              tkLineType
 0001:0009D3D8 TkMakeBezierCurve       TkMakeBezierCurve
 0001:0009DE7C TkMakeBezierPostscript  TkMakeBezierPostscript
 0001:000717E4 TkMenuButtonWorldChanged  TkMenuButtonWorldChanged
 0002:00007294 tkMenuConfigSpecs       tkMenuConfigSpecs
 0001:00071F10 TkMenuConfigureDrawOptions  TkMenuConfigureDrawOptions
 0001:0007229C TkMenuConfigureEntryDrawOptions  TkMenuConfigureEntryDrawOptions
 0001:00071E64 TkMenuEntryFreeDrawOptions  TkMenuEntryFreeDrawOptions
 0001:00072BD4 TkMenuEventProc         TkMenuEventProc
 0001:00071DA4 TkMenuFreeDrawOptions   TkMenuFreeDrawOptions
 0001:00072CF0 TkMenuImageProc         TkMenuImageProc
 0001:0007094C TkMenuInit              TkMenuInit
 0001:00071CD0 TkMenuInitializeDrawingFields  TkMenuInitializeDrawingFields
 0001:00071D28 TkMenuInitializeEntryDrawingFields  TkMenuInitializeEntryDrawingFields
 0001:0007281C TkMenuSelectImageProc   TkMenuSelectImageProc
 0002:00006CCC tkMenuStateStrings      tkMenuStateStrings
 0001:000700D0 TkNewMenuName           TkNewMenuName
 0001:0009F07C TkOffsetParseProc       TkOffsetParseProc
 0001:0009F3FC TkOffsetPrintProc       TkOffsetPrintProc
 0001:000767DC TkOptionClassChanged    TkOptionClassChanged
 0001:00076730 TkOptionDeadWindow      TkOptionDeadWindow
 0001:0009EF1C TkOrientParseProc       TkOrientParseProc
 0001:0009EFF4 TkOrientPrintProc       TkOrientPrintProc
 0001:000C58D8 TkOS2CharString         TkOS2CharString
 0001:000E14CC TkOS2ChildProc          TkOS2ChildProc
 0001:000AE43C TkOS2ClipboardRender    TkOS2ClipboardRender
 0001:000BC64C TkOS2EmbeddedEventProc  TkOS2EmbeddedEventProc
 0001:000C8344 TkOS2ExitPM             TkOS2ExitPM
 0001:000BC0EC TkOS2FillRect           TkOS2FillRect
 0001:000AA3C4 TkOS2GetBorderPixels    TkOS2GetBorderPixels
 0001:000B4274 TkOS2GetDrawablePS      TkOS2GetDrawablePS
 0001:000CF384 TkOS2GetMenuSystemDefault  TkOS2GetMenuSystemDefault
 0001:000D0498 TkOS2GetModifierState   TkOS2GetModifierState
 0001:000DE234 TkOS2GetSystemPalette   TkOS2GetSystemPalette
 0001:000DFD28 TkOS2GetWrapperWindow   TkOS2GetWrapperWindow
 0001:000CB454 TkOS2HandleMenuEvent    TkOS2HandleMenuEvent
 0001:000D45E0 TkOS2HwndHeight         TkOS2HwndHeight
 0001:000AF5C4 TkOS2IndexOfColor       TkOS2IndexOfColor
 0001:000C7614 TkOS2InitPM             TkOS2InitPM
 0001:000C5768 TkOS2QueryTextWidth     TkOS2QueryTextWidth
 0001:000B44C8 TkOS2ReleaseDrawablePS  TkOS2ReleaseDrawablePS
 0001:000E3380 TkOS2ResendEvent        TkOS2ResendEvent
 0001:000C6DA4 TkOS2ReverseImageLines  TkOS2ReverseImageLines
 0001:000C4F14 TkOS2SelectFont         TkOS2SelectFont
 0001:000B0CEC TkOS2SelectPalette      TkOS2SelectPalette
 0001:000DFE6C TkOS2SetForegroundWindow  TkOS2SetForegroundWindow
 0001:000DCDF4 TkOS2SetMenu            TkOS2SetMenu
 0001:000BBD90 TkOS2SetStipple         TkOS2SetStipple
 0001:000D41DC TkOS2SetWindowPos       TkOS2SetWindowPos
 0001:000D47EC TkOS2TranslateY         TkOS2TranslateY
 0001:000BBFC4 TkOS2UnsetStipple       TkOS2UnsetStipple
 0001:000E34FC TkOS2UpdatingClipboard  TkOS2UpdatingClipboard
 0001:000D4358 TkOS2WindowHeight       TkOS2WindowHeight
 0001:000D4F04 TkOS2WmCleanup          TkOS2WmCleanup
 0001:000E0298 TkOS2XCleanup           TkOS2XCleanup
 0001:000E021C TkOS2XInit              TkOS2XInit
 0001:0009CE9C TkOvalToArea            TkOvalToArea
 0001:0009CC9C TkOvalToPoint           TkOvalToPoint
 0002:000082F8 tkOvalType              tkOvalType
 0002:0000B318 tkpButtonProcs          tkpButtonProcs
 0001:000AB3EC TkpButtonSetDefaults    TkpButtonSetDefaults
 0001:000D0D5C TkpChangeFocus          TkpChangeFocus
 0001:000BC918 TkpClaimFocus           TkpClaimFocus
 0001:000E0D24 TkpCloseDisplay         TkpCloseDisplay
 0001:000ACB70 TkpComputeButtonGeometry  TkpComputeButtonGeometry
 0001:000CDEFC TkpComputeMenubarGeometry  TkpComputeMenubarGeometry
 0001:000A7008 TkpComputeMenuButtonGeometry  TkpComputeMenuButtonGeometry
 0001:000D2050 TkpComputeScrollbarGeometry  TkpComputeScrollbarGeometry
 0001:000CE8FC TkpComputeStandardMenuGeometry  TkpComputeStandardMenuGeometry
 0001:000CE060 TkpConfigureMenuEntry   TkpConfigureMenuEntry
 0001:000D28E8 TkpConfigureScrollbar   TkpConfigureScrollbar
 0001:000AB478 TkpCreateButton         TkpCreateButton
 0001:000A6998 TkpCreateMenuButton     TkpCreateMenuButton
 0001:000A756C TkpCreateScale          TkpCreateScale
 0001:000D16A0 TkpCreateScrollbar      TkpCreateScrollbar
 0001:000BF688 TkpDeleteFont           TkpDeleteFont
 0001:000AB93C TkpDestroyButton        TkpDestroyButton
 0001:000C9464 TkpDestroyMenu          TkpDestroyMenu
 0001:000A7000 TkpDestroyMenuButton    TkpDestroyMenuButton
 0001:000C9658 TkpDestroyMenuEntry     TkpDestroyMenuEntry
 0001:000A7588 TkpDestroyScale         TkpDestroyScale
 0001:000D1EC8 TkpDestroyScrollbar     TkpDestroyScrollbar
 0001:000ABCB0 TkpDisplayButton        TkpDisplayButton
 0001:000A69B4 TkpDisplayMenuButton    TkpDisplayMenuButton
 0001:000A8A28 TkpDisplayScale         TkpDisplayScale
 0001:000D1E00 TkpDisplayScrollbar     TkpDisplayScrollbar
 0001:000C6F68 TkpDisplayWarning       TkpDisplayWarning
 0001:000BBBBC TkpDrawHighlightBorder  TkpDrawHighlightBorder
 0001:000CE120 TkpDrawMenuEntry        TkpDrawMenuEntry
 0001:000BCAE4 TkpFontPkgInit          TkpFontPkgInit
 0001:000A8FD0 TkpFreeBorder           TkpFreeBorder
 0001:000AF594 TkpFreeColor            TkpFreeColor
 0001:000B14A8 TkpFreeCursor           TkpFreeCursor
 0001:000C6E80 TkpGetAppName           TkpGetAppName
 0001:000A8F94 TkpGetBorder            TkpGetBorder
 0001:000AF3B4 TkpGetColor             TkpGetColor
 0001:000AF510 TkpGetColorByValue      TkpGetColorByValue
 0001:000BF760 TkpGetFontFamilies      TkpGetFontFamilies
 0001:000BF434 TkpGetFontFromAttributes  TkpGetFontFromAttributes
 0001:000C8678 TkpGetKeySym            TkpGetKeySym
 0001:000E34D0 TkpGetMS                TkpGetMS
 0001:000BD110 TkpGetNativeFont        TkpGetNativeFont
 0001:000BC884 TkpGetOtherWindow       TkpGetOtherWindow
 0001:000A9584 TkpGetShadows           TkpGetShadows
 0001:000C83B8 TkpGetString            TkpGetString
 0001:000BFC58 TkpGetSubFonts          TkpGetSubFonts
 0001:000B0EB4 TkpGetSystemDefault     TkpGetSystemDefault
 0001:000DFDD8 TkpGetWrapperWindow     TkpGetWrapperWindow
 0002:00006594 tkPhotoImageType        tkPhotoImageType
 0001:000C6E4C TkpInit                 TkpInit
 0001:000CDB60 TkpInitializeMenuBindings  TkpInitializeMenuBindings
 0001:000C8730 TkpInitKeymapInfo       TkpInitKeymapInfo
 0001:0009F5FC TkPixelParseProc        TkPixelParseProc
 0001:0009F6A4 TkPixelPrintProc        TkPixelPrintProc
 0002:0000C0DC tkPlatStubs             tkPlatStubs
 0001:000BC4A4 TkpMakeContainer        TkpMakeContainer
 0001:000DFC84 TkpMakeMenuWindow       TkpMakeMenuWindow
 0001:000D3224 TkpMakeWindow           TkpMakeWindow
 0002:0000B30C tkpMenubuttonClass      tkpMenubuttonClass
 0001:000CF8F4 TkpMenuInit             TkpMenuInit
 0001:000CAB64 TkpMenuNewEntry         TkpMenuNewEntry
 0001:000CF20C TkpMenuNotifyToplevelCreate  TkpMenuNotifyToplevelCreate
 0001:000CFA14 TkpMenuThreadInit       TkpMenuThreadInit
 0001:000C926C TkpNewMenu              TkpNewMenu
 0001:0007CE14 TkPointerDeadWindow     TkPointerDeadWindow
 0001:0004FDA4 TkPointerEvent          TkPointerEvent
 0001:0009CBB8 TkPolygonToArea         TkPolygonToArea
 0001:0009C70C TkPolygonToPoint        TkPolygonToPoint
 0002:00004A60 tkPolygonType           tkPolygonType
 0001:000E0418 TkpOpenDisplay          TkpOpenDisplay
 0002:0000B808 tkpOS2MixModes          tkpOS2MixModes
 0001:00050B88 TkPositionInTree        TkPositionInTree
 0001:0006F874 TkPostCommand           TkPostCommand
 0001:00024768 TkPostscriptImage       TkPostscriptImage
 0001:00072EB4 TkPostSubmenu           TkPostSubmenu
 0001:00072D28 TkPostTearoffMenu       TkPostTearoffMenu
 0001:000CA7D4 TkpPostMenu             TkpPostMenu
 0001:000D3050 TkpPrintWindowId        TkpPrintWindowId
 0001:000BC958 TkpRedirectKeyEvent     TkpRedirectKeyEvent
 0001:0006B948 TkPreprocessMenu        TkPreprocessMenu
 0001:000A8DB0 TkpScaleElement         TkpScaleElement
 0001:000D30D4 TkpScanWindowId         TkpScanWindowId
 0002:000088F8 tkpScrollbarConfigSpecs  tkpScrollbarConfigSpecs
 0001:000D2BB0 TkpScrollbarPosition    TkpScrollbarPosition
 0002:0000BC0C tkpScrollbarProcs       tkpScrollbarProcs
 0001:000D0E68 TkpSetCapture           TkpSetCapture
 0001:000B1594 TkpSetCursor            TkpSetCursor
 0001:000C8CE4 TkpSetKeycodeAndState   TkpSetKeycodeAndState
 0001:000CCA1C TkpSetMainMenubar       TkpSetMainMenubar
 0001:000CC848 TkpSetWindowMenuBar     TkpSetWindowMenuBar
 0001:000BC224 TkpTestembedCmd         TkpTestembedCmd
 0001:000BC280 TkpUseWindow            TkpUseWindow
 0001:000B6780 TkPutImage              TkPutImage
 0001:000D427C TkpWindowWasRecentlyDeleted  TkpWindowWasRecentlyDeleted
 0001:000D6398 TkpWmSetState           TkpWmSetState
 0001:00045AC8 TkQueueEventForAllChildren  TkQueueEventForAllChildren
 0002:000070B4 tkRadioButtonEntryConfigSpecs  tkRadioButtonEntryConfigSpecs
 0001:0000B104 TkReadBitmapFile        TkReadBitmapFile
 0001:00072684 TkRecomputeMenu         TkRecomputeMenu
 0002:00008298 tkRectangleType         tkRectangleType
 0001:000D14CC TkRectInRegion          TkRectInRegion
 0001:00081A94 TkRoundToResolution     TkRoundToResolution
 0001:00081E70 TkScalePixelToValue     TkScalePixelToValue
 0001:00081CDC TkScaleSetValue         TkScaleSetValue
 0001:00081FF0 TkScaleValueToPixel     TkScaleValueToPixel
 0001:00083C08 TkScrollbarEventProc    TkScrollbarEventProc
 0001:00083DA0 TkScrollbarEventuallyRedraw  TkScrollbarEventuallyRedraw
 0001:000BBAE4 TkScrollWindow          TkScrollWindow
 0001:000854B0 TkSelClearSelection     TkSelClearSelection
 0001:00085254 TkSelDeadWindow         TkSelDeadWindow
 0001:000858E4 TkSelDefaultSelection   TkSelDefaultSelection
 0001:000AEA5C TkSelEventProc          TkSelEventProc
 0001:00085208 TkSelGetInProgress      TkSelGetInProgress
 0001:000ADF84 TkSelGetSelection       TkSelGetSelection
 0001:000853C0 TkSelInit               TkSelInit
 0001:000AEA88 TkSelPropProc           TkSelPropProc
 0001:00085230 TkSelSetInProgress      TkSelSetInProgress
 0001:000AE6D0 TkSelUpdateClipboard    TkSelUpdateClipboard
 0002:00006F4C tkSeparatorEntryConfigSpecs  tkSeparatorEntryConfigSpecs
 0001:000A2ED4 TkSetClassProcs         TkSetClassProcs
 0001:00046CBC TkSetFocusWin           TkSetFocusWin
 0001:000D01A4 TkSetPixmapColormap     TkSetPixmapColormap
 0001:000A64F0 TkSetRegion             TkSetRegion
 0001:000702D8 TkSetWindowMenuBar      TkSetWindowMenuBar
 0001:0002A278 TkSmoothParseProc       TkSmoothParseProc
 0001:0002A390 TkSmoothPrintProc       TkSmoothPrintProc
 0001:0009ECA0 TkStateParseProc        TkStateParseProc
 0001:0009EE7C TkStatePrintProc        TkStatePrintProc
 0001:0000A0FC TkStringToKeysym        TkStringToKeysym
 0002:0000C10C tkStubs                 tkStubs
 0002:000071F4 tkTearoffEntryConfigSpecs  tkTearoffEntryConfigSpecs
 0001:00099D28 TkTextBindProc          TkTextBindProc
 0001:00090F98 TkTextChanged           TkTextChanged
 0001:00093804 TkTextCharBbox          TkTextCharBbox
 0001:00093B40 TkTextCharLayoutProc    TkTextCharLayoutProc
 0002:00009144 tkTextCharType          tkTextCharType
 0001:0008DE84 TkTextCreateDInfo       TkTextCreateDInfo
 0001:000997B0 TkTextCreateTag         TkTextCreateTag
 0002:00009124 tkTextDebug             tkTextDebug
 0001:000939F4 TkTextDLineInfo         TkTextDLineInfo
 0001:00090D64 TkTextEventuallyRepick  TkTextEventuallyRepick
 0001:0008DF74 TkTextFreeDInfo         TkTextFreeDInfo
 0001:000999E4 TkTextFreeTag           TkTextFreeTag
 0001:00095E88 TkTextGetIndex          TkTextGetIndex
 0001:000895AC TkTextGetTabs           TkTextGetTabs
 0001:00094B34 TkTextImageCmd          TkTextImageCmd
 0001:00095A0C TkTextImageIndex        TkTextImageIndex
 0001:000969CC TkTextIndexBackBytes    TkTextIndexBackBytes
 0001:00096AC4 TkTextIndexBackChars    TkTextIndexBackChars
 0001:000964FC TkTextIndexCmp          TkTextIndexCmp
 0001:00096728 TkTextIndexForwBytes    TkTextIndexForwBytes
 0001:00096818 TkTextIndexForwChars    TkTextIndexForwChars
 0001:00095D98 TkTextIndexToSeg        TkTextIndexToSeg
 0001:000979B8 TkTextInsertDisplayProc  TkTextInsertDisplayProc
 0001:0008C1A4 TkTextIsElided          TkTextIsElided
 0002:000092B0 tkTextLeftMarkType      tkTextLeftMarkType
 0001:00088778 TkTextLostSelection     TkTextLostSelection
 0001:00095AE0 TkTextMakeByteIndex     TkTextMakeByteIndex
 0001:00095C50 TkTextMakeCharIndex     TkTextMakeCharIndex
 0001:0009712C TkTextMarkCmd           TkTextMarkCmd
 0001:000978C4 TkTextMarkNameToIndex   TkTextMarkNameToIndex
 0001:0009785C TkTextMarkSegToIndex    TkTextMarkSegToIndex
 0001:00099F80 TkTextPickCurrent       TkTextPickCurrent
 0001:0009368C TkTextPixelIndex        TkTextPixelIndex
 0001:00096428 TkTextPrintIndex        TkTextPrintIndex
 0001:00090DC4 TkTextRedrawRegion      TkTextRedrawRegion
 0001:00091074 TkTextRedrawTag         TkTextRedrawTag
 0001:00091278 TkTextRelayoutWindow    TkTextRelayoutWindow
 0002:00009290 tkTextRightMarkType     tkTextRightMarkType
 0001:00092BA8 TkTextScanCmd           TkTextScanCmd
 0001:00091A14 TkTextSeeCmd            TkTextSeeCmd
 0001:00095DF4 TkTextSegToOffset       TkTextSegToOffset
 0001:000976D8 TkTextSetMark           TkTextSetMark
 0001:00091498 TkTextSetYView          TkTextSetYView
 0001:000981D8 TkTextTagCmd            TkTextTagCmd
 0002:00009184 tkTextToggleOffType     tkTextToggleOffType
 0002:00009164 tkTextToggleOnType      tkTextToggleOnType
 0002:00004EE8 tkTextType              tkTextType
 0001:0009A4C4 TkTextWindowCmd         TkTextWindowCmd
 0001:0009B760 TkTextWindowIndex       TkTextWindowIndex
 0001:00091F20 TkTextXviewCmd          TkTextXviewCmd
 0001:0009244C TkTextYviewCmd          TkTextYviewCmd
 0001:0009C244 TkThickPolyLineToArea   TkThickPolyLineToArea
 0001:000D1280 TkUnionRectWithRegion   TkUnionRectWithRegion
 0002:0000504C tkWindowType            tkWindowType
 0001:000DCA74 TkWmAddToColormapWindows  TkWmAddToColormapWindows
 0001:000D684C TkWmDeadWindow          TkWmDeadWindow
 0001:000DFD84 TkWmFocusToplevel       TkWmFocusToplevel
 0001:000D60C4 TkWmMapWindow           TkWmMapWindow
 0001:000D4F84 TkWmNewWindow           TkWmNewWindow
 0001:000DC780 TkWmProtocolEventProc   TkWmProtocolEventProc
 0001:000DCCBC TkWmRemoveFromColormapWindows  TkWmRemoveFromColormapWindows
 0001:000DC904 TkWmRestackToplevel     TkWmRestackToplevel
 0001:000D6B34 TkWmSetClass            TkWmSetClass
 0001:000D6174 TkWmUnmapWindow         TkWmUnmapWindow
 0001:00000500 Tk_3DBorderColor        Tk_3DBorderColor
 0001:00000538 Tk_3DBorderGC           Tk_3DBorderGC
 0001:000A922C Tk_3DHorizontalBevel    Tk_3DHorizontalBevel
 0001:000A9010 Tk_3DVerticalBevel      Tk_3DVerticalBevel
 0001:00075FFC Tk_AddOption            Tk_AddOption
 0001:00000058 Tk_Alloc3DBorderFromObj  Tk_Alloc3DBorderFromObj
 0001:0000A23C Tk_AllocBitmapFromObj   Tk_AllocBitmapFromObj
 0001:0003C4A0 Tk_AllocColorFromObj    Tk_AllocColorFromObj
 0001:0003FDBC Tk_AllocCursorFromObj   Tk_AllocCursorFromObj
 0001:00048560 Tk_AllocFontFromObj     Tk_AllocFontFromObj
 0001:000D2DA4 Tk_AttachHWND           Tk_AttachHWND
 0001:00039728 Tk_BellObjCmd           Tk_BellObjCmd
 0001:0003983C Tk_BindCmd              Tk_BindCmd
 0001:00005808 Tk_BindEvent            Tk_BindEvent
 0001:00039C10 Tk_BindtagsCmd          Tk_BindtagsCmd
 0001:0000B7C0 Tk_ButtonObjCmd         Tk_ButtonObjCmd
 0001:000298F8 Tk_CanvasDrawableCoords  Tk_CanvasDrawableCoords
 0001:000347EC Tk_CanvasEventuallyRedraw  Tk_CanvasEventuallyRedraw
 0001:00029C98 Tk_CanvasGetCoord       Tk_CanvasGetCoord
 0001:00029CEC Tk_CanvasGetCoordFromObj  Tk_CanvasGetCoordFromObj
 0001:00029E38 Tk_CanvasGetTextInfo    Tk_CanvasGetTextInfo
 0001:0002D6A0 Tk_CanvasObjCmd         Tk_CanvasObjCmd
 0001:00038A88 Tk_CanvasPsBitmap       Tk_CanvasPsBitmap
 0001:00038A38 Tk_CanvasPsColor        Tk_CanvasPsColor
 0001:00038A60 Tk_CanvasPsFont         Tk_CanvasPsFont
 0001:0002B4A8 Tk_CanvasPsOutline      Tk_CanvasPsOutline
 0001:00038B1C Tk_CanvasPsPath         Tk_CanvasPsPath
 0001:00038AC8 Tk_CanvasPsStipple      Tk_CanvasPsStipple
 0001:00038AF8 Tk_CanvasPsY            Tk_CanvasPsY
 0001:00029D7C Tk_CanvasSetOffset      Tk_CanvasSetOffset
 0001:00029D40 Tk_CanvasSetStippleOrigin  Tk_CanvasSetStippleOrigin
 0001:00029E4C Tk_CanvasTagsParseProc  Tk_CanvasTagsParseProc
 0001:00029F5C Tk_CanvasTagsPrintProc  Tk_CanvasTagsPrintProc
 0001:000298C4 Tk_CanvasTkwin          Tk_CanvasTkwin
 0001:00029AD4 Tk_CanvasWindowCoords   Tk_CanvasWindowCoords
 0001:0002AC2C Tk_ChangeOutlineGC      Tk_ChangeOutlineGC
 0001:000A2AE0 Tk_ChangeWindowAttributes  Tk_ChangeWindowAttributes
 0001:0004A5F4 Tk_CharBbox             Tk_CharBbox
 0001:0000B7E8 Tk_CheckbuttonObjCmd    Tk_CheckbuttonObjCmd
 0001:000B1CB4 Tk_ChooseColorObjCmd    Tk_ChooseColorObjCmd
 0001:000840B8 Tk_ClearSelection       Tk_ClearSelection
 0001:00038E78 Tk_ClipboardAppend      Tk_ClipboardAppend
 0001:00038D00 Tk_ClipboardClear       Tk_ClipboardClear
 0001:00039188 Tk_ClipboardCmd         Tk_ClipboardCmd
 0001:000495D8 Tk_ComputeTextLayout    Tk_ComputeTextLayout
 0001:0002A88C Tk_ConfigOutlineGC      Tk_ConfigOutlineGC
 0001:00075880 Tk_ConfigureInfo        Tk_ConfigureInfo
 0001:00075E0C Tk_ConfigureValue       Tk_ConfigureValue
 0001:00074BF8 Tk_ConfigureWidget      Tk_ConfigureWidget
 0001:000A28EC Tk_ConfigureWindow      Tk_ConfigureWindow
 0001:000DC4F4 Tk_CoordsToWindow       Tk_CoordsToWindow
 0001:00005080 Tk_CreateBinding        Tk_CreateBinding
 0001:00004F08 Tk_CreateBindingTable   Tk_CreateBindingTable
 0001:00045008 Tk_CreateClientMessageHandler  Tk_CreateClientMessageHandler
 0001:0003F4A4 Tk_CreateConsoleWindow  Tk_CreateConsoleWindow
 0001:00044B9C Tk_CreateErrorHandler   Tk_CreateErrorHandler
 0001:00044DF0 Tk_CreateEventHandler   Tk_CreateEventHandler
 0001:00044F34 Tk_CreateGenericHandler  Tk_CreateGenericHandler
 0001:000562C4 Tk_CreateImageType      Tk_CreateImageType
 0001:00034B0C Tk_CreateItemType       Tk_CreateItemType
 0001:00056294 Tk_CreateOldImageType   Tk_CreateOldImageType
 0001:0005C9B8 Tk_CreateOldPhotoImageFormat  Tk_CreateOldPhotoImageFormat
 0001:0003CFD4 Tk_CreateOptionTable    Tk_CreateOptionTable
 0001:0002A69C Tk_CreateOutline        Tk_CreateOutline
 0001:0005CA4C Tk_CreatePhotoImageFormat  Tk_CreatePhotoImageFormat
 0001:000664DC Tk_CreatePhotoOption    Tk_CreatePhotoOption
 0001:00083DEC Tk_CreateSelHandler     Tk_CreateSelHandler
 0001:0002A14C Tk_CreateSmoothMethod   Tk_CreateSmoothMethod
 0001:000A1E40 Tk_CreateWindow         Tk_CreateWindow
 0001:000A1F54 Tk_CreateWindowFromPath  Tk_CreateWindowFromPath
 0001:0000A80C Tk_DefineBitmap         Tk_DefineBitmap
 0001:000A2D24 Tk_DefineCursor         Tk_DefineCursor
 0001:00005698 Tk_DeleteAllBindings    Tk_DeleteAllBindings
 0001:000053A4 Tk_DeleteBinding        Tk_DeleteBinding
 0001:00004F9C Tk_DeleteBindingTable   Tk_DeleteBindingTable
 0001:00045080 Tk_DeleteClientMessageHandler  Tk_DeleteClientMessageHandler
 0001:00044C38 Tk_DeleteErrorHandler   Tk_DeleteErrorHandler
 0001:00044E90 Tk_DeleteEventHandler   Tk_DeleteEventHandler
 0001:00044FAC Tk_DeleteGenericHandler  Tk_DeleteGenericHandler
 0001:00057198 Tk_DeleteImage          Tk_DeleteImage
 0001:0003D2F0 Tk_DeleteOptionTable    Tk_DeleteOptionTable
 0001:0002A760 Tk_DeleteOutline        Tk_DeleteOutline
 0001:00083EAC Tk_DeleteSelHandler     Tk_DeleteSelHandler
 0001:00039F38 Tk_DestroyObjCmd        Tk_DestroyObjCmd
 0001:000A213C Tk_DestroyWindow        Tk_DestroyWindow
 0001:000A2FFC Tk_DisplayName          Tk_DisplayName
 0001:0004A7DC Tk_DistanceToTextLayout  Tk_DistanceToTextLayout
 0001:00064950 Tk_DitherPhoto          Tk_DitherPhoto
 0001:00000A9C Tk_Draw3DPolygon        Tk_Draw3DPolygon
 0001:000003C4 Tk_Draw3DRectangle      Tk_Draw3DRectangle
 0001:000C07A4 Tk_DrawChars            Tk_DrawChars
 0001:0009F7F8 Tk_DrawFocusHighlight   Tk_DrawFocusHighlight
 0001:0004A270 Tk_DrawTextLayout       Tk_DrawTextLayout
 0001:00040E0C Tk_EntryObjCmd          Tk_EntryObjCmd
 0001:000073B8 Tk_EventObjCmd          Tk_EventObjCmd
 0001:00000F34 Tk_Fill3DPolygon        Tk_Fill3DPolygon
 0001:00000E34 Tk_Fill3DRectangle      Tk_Fill3DRectangle
 0001:00062D64 Tk_FindPhoto            Tk_FindPhoto
 0001:000465A8 Tk_FocusObjCmd          Tk_FocusObjCmd
 0001:00048F6C Tk_FontId               Tk_FontId
 0001:0004793C Tk_FontObjCmd           Tk_FontObjCmd
 0001:0004C480 Tk_FrameObjCmd          Tk_FrameObjCmd
 0001:000005B4 Tk_Free3DBorder         Tk_Free3DBorder
 0001:00000728 Tk_Free3DBorderFromObj  Tk_Free3DBorderFromObj
 0001:0000AB4C Tk_FreeBitmap           Tk_FreeBitmap
 0001:0000ABC8 Tk_FreeBitmapFromObj    Tk_FreeBitmapFromObj
 0001:0003CAC0 Tk_FreeColor            Tk_FreeColor
 0001:0003CBBC Tk_FreeColorFromObj     Tk_FreeColorFromObj
 0001:000A0BE8 Tk_FreeColormap         Tk_FreeColormap
 0001:0003E80C Tk_FreeConfigOptions    Tk_FreeConfigOptions
 0001:000404A4 Tk_FreeCursor           Tk_FreeCursor
 0001:00040520 Tk_FreeCursorFromObj    Tk_FreeCursorFromObj
 0001:00048DD4 Tk_FreeFont             Tk_FreeFont
 0001:00048ED4 Tk_FreeFontFromObj      Tk_FreeFontFromObj
 0001:0004DAE4 Tk_FreeGC               Tk_FreeGC
 0001:00056DF4 Tk_FreeImage            Tk_FreeImage
 0001:00075EAC Tk_FreeOptions          Tk_FreeOptions
 0001:000D00DC Tk_FreePixmap           Tk_FreePixmap
 0001:0003E748 Tk_FreeSavedOptions     Tk_FreeSavedOptions
 0001:0004A250 Tk_FreeTextLayout       Tk_FreeTextLayout
 0001:000E3360 Tk_FreeXId              Tk_FreeXId
 0001:0003CA34 Tk_GCForColor           Tk_GCForColor
 0001:0004DC54 Tk_GeometryRequest      Tk_GeometryRequest
 0001:000001C4 Tk_Get3DBorder          Tk_Get3DBorder
 0001:00001460 Tk_Get3DBorderFromObj   Tk_Get3DBorderFromObj
 0001:000055B0 Tk_GetAllBindings       Tk_GetAllBindings
 0001:0004E400 Tk_GetAnchor            Tk_GetAnchor
 0001:0004E374 Tk_GetAnchorFromObj     Tk_GetAnchorFromObj
 0001:00002548 Tk_GetAtomName          Tk_GetAtomName
 0001:00005550 Tk_GetBinding           Tk_GetBinding
 0001:0000A378 Tk_GetBitmap            Tk_GetBitmap
 0001:0000AC68 Tk_GetBitmapFromData    Tk_GetBitmapFromData
 0001:0000AD5C Tk_GetBitmapFromObj     Tk_GetBitmapFromObj
 0001:0004E864 Tk_GetCapStyle          Tk_GetCapStyle
 0001:0003C640 Tk_GetColor             Tk_GetColor
 0001:0003C830 Tk_GetColorByValue      Tk_GetColorByValue
 0001:0003CC98 Tk_GetColorFromObj      Tk_GetColorFromObj
 0001:000A09EC Tk_GetColormap          Tk_GetColormap
 0001:0003FEDC Tk_GetCursor            Tk_GetCursor
 0001:000400DC Tk_GetCursorFromData    Tk_GetCursorFromData
 0001:000405C8 Tk_GetCursorFromObj     Tk_GetCursorFromObj
 0001:0002A42C Tk_GetDash              Tk_GetDash
 0001:00048508 Tk_GetFont              Tk_GetFont
 0001:00048C04 Tk_GetFontFromObj       Tk_GetFontFromObj
 0001:00048F88 Tk_GetFontMetrics       Tk_GetFontMetrics
 0001:0004D5F0 Tk_GetGC                Tk_GetGC
 0001:000E01C8 Tk_GetHMODULE           Tk_GetHMODULE
 0001:000D2FFC Tk_GetHWND              Tk_GetHWND
 0001:00056D08 Tk_GetImage             Tk_GetImage
 0001:00057320 Tk_GetImageMasterData   Tk_GetImageMasterData
 0001:00034BA4 Tk_GetItemTypes         Tk_GetItemTypes
 0001:0004E6EC Tk_GetJoinStyle         Tk_GetJoinStyle
 0001:0004EA18 Tk_GetJustify           Tk_GetJustify
 0001:0004E9A0 Tk_GetJustifyFromObj    Tk_GetJustifyFromObj
 0001:00074760 Tk_GetMMFromObj         Tk_GetMMFromObj
 0001:000A33B0 Tk_GetNumMainWindows    Tk_GetNumMainWindows
 0001:000B2754 Tk_GetOpenFileObjCmd    Tk_GetOpenFileObjCmd
 0001:00076254 Tk_GetOption            Tk_GetOption
 0001:0003EAF0 Tk_GetOptionInfo        Tk_GetOptionInfo
 0001:0003F0C4 Tk_GetOptionValue       Tk_GetOptionValue
 0001:0004EDCC Tk_GetPixels            Tk_GetPixels
 0001:0007416C Tk_GetPixelsFromObj     Tk_GetPixelsFromObj
 0001:000CFC68 Tk_GetPixmap            Tk_GetPixmap
 0001:00000878 Tk_GetRelief            Tk_GetRelief
 0001:000007F8 Tk_GetReliefFromObj     Tk_GetReliefFromObj
 0001:000DC334 Tk_GetRootCoords        Tk_GetRootCoords
 0001:000B277C Tk_GetSaveFileObjCmd    Tk_GetSaveFileObjCmd
 0001:0004EC10 Tk_GetScreenMM          Tk_GetScreenMM
 0001:0009F8D4 Tk_GetScrollInfo        Tk_GetScrollInfo
 0001:0009FB44 Tk_GetScrollInfoObj     Tk_GetScrollInfoObj
 0001:000841FC Tk_GetSelection         Tk_GetSelection
 0001:0004EB4C Tk_GetUid               Tk_GetUid
 0001:000A0218 Tk_GetVisual            Tk_GetVisual
 0001:000DC5A0 Tk_GetVRootGeometry     Tk_GetVRootGeometry
 0001:0004F8D8 Tk_Grab                 Tk_Grab
 0001:0004F270 Tk_GrabCmd              Tk_GrabCmd
 0001:0005109C Tk_GridCmd              Tk_GridCmd
 0001:00045148 Tk_HandleEvent          Tk_HandleEvent
 0001:000D2F28 Tk_HWNDToWindow         Tk_HWNDToWindow
 0001:000A2F84 Tk_IdToWindow           Tk_IdToWindow
 0001:00056C60 Tk_ImageChanged         Tk_ImageChanged
 0001:0005637C Tk_ImageObjCmd          Tk_ImageObjCmd
 0001:000A34E8 Tk_Init                 Tk_Init
 0001:0003F2C0 Tk_InitConsoleChannels  Tk_InitConsoleChannels
 0001:0003D4CC Tk_InitOptions          Tk_InitOptions
 0001:000E3560 Tk_InitStubs            Tk_InitStubs
 0001:000024A0 Tk_InternAtom           Tk_InternAtom
 0001:0004A95C Tk_IntersectTextLayout  Tk_IntersectTextLayout
 0001:0000B810 Tk_LabelObjCmd          Tk_LabelObjCmd
 0001:00066A68 Tk_ListboxObjCmd        Tk_ListboxObjCmd
 0001:00039FF4 Tk_LowerObjCmd          Tk_LowerObjCmd
 0001:0006BA08 Tk_MainEx               Tk_MainEx
 0001:00045C3C Tk_MainLoop             Tk_MainLoop
 0001:0004DD24 Tk_MaintainGeometry     Tk_MaintainGeometry
 0001:000A331C Tk_MainWindow           Tk_MainWindow
 0001:000A2654 Tk_MakeWindowExist      Tk_MakeWindowExist
 0001:0004DBE4 Tk_ManageGeometry       Tk_ManageGeometry
 0001:000A25B4 Tk_MapWindow            Tk_MapWindow
 0001:000BFD88 Tk_MeasureChars         Tk_MeasureChars
 0001:00070E00 Tk_MenubuttonObjCmd     Tk_MenubuttonObjCmd
 0001:000B3BF4 Tk_MessageBoxObjCmd     Tk_MessageBoxObjCmd
 0001:00073380 Tk_MessageCmd           Tk_MessageCmd
 0001:000A2A3C Tk_MoveResizeWindow     Tk_MoveResizeWindow
 0001:000DC66C Tk_MoveToplevelWindow   Tk_MoveToplevelWindow
 0001:000A29A4 Tk_MoveWindow           Tk_MoveWindow
 0001:000004E0 Tk_NameOf3DBorder       Tk_NameOf3DBorder
 0001:0004E60C Tk_NameOfAnchor         Tk_NameOfAnchor
 0001:0000A8FC Tk_NameOfBitmap         Tk_NameOfBitmap
 0001:0004E950 Tk_NameOfCapStyle       Tk_NameOfCapStyle
 0001:0003C99C Tk_NameOfColor          Tk_NameOfColor
 0001:000402E4 Tk_NameOfCursor         Tk_NameOfCursor
 0001:00048DB4 Tk_NameOfFont           Tk_NameOfFont
 0001:00056CD0 Tk_NameOfImage          Tk_NameOfImage
 0001:0004E7DC Tk_NameOfJoinStyle      Tk_NameOfJoinStyle
 0001:0004EB10 Tk_NameOfJustify        Tk_NameOfJustify
 0001:00000A18 Tk_NameOfRelief         Tk_NameOfRelief
 0001:000A2F00 Tk_NameToWindow         Tk_NameToWindow
 0001:000763F8 Tk_OptionObjCmd         Tk_OptionObjCmd
 0001:00083F64 Tk_OwnSelection         Tk_OwnSelection
 0001:000779C0 Tk_PackCmd              Tk_PackCmd
 0001:00001848 Tk_ParseArgv            Tk_ParseArgv
 0001:000652E8 Tk_PhotoBlank           Tk_PhotoBlank
 0001:000653DC Tk_PhotoExpand          Tk_PhotoExpand
 0001:000662C8 Tk_PhotoGetImage        Tk_PhotoGetImage
 0001:00065478 Tk_PhotoGetSize         Tk_PhotoGetSize
 0001:00062D9C Tk_PhotoPutBlock        Tk_PhotoPutBlock
 0001:00063A38 Tk_PhotoPutZoomedBlock  Tk_PhotoPutZoomedBlock
 0001:0006549C Tk_PhotoSetSize         Tk_PhotoSetSize
 0001:0007AA54 Tk_PlaceCmd             Tk_PlaceCmd
 0001:000D07FC Tk_PointerEvent         Tk_PointerEvent
 0001:0004A450 Tk_PointToChar          Tk_PointToChar
 0001:00023F64 Tk_PostscriptBitmap     Tk_PostscriptBitmap
 0001:000239B8 Tk_PostscriptColor      Tk_PostscriptColor
 0001:00023B58 Tk_PostscriptFont       Tk_PostscriptFont
 0001:00049064 Tk_PostscriptFontName   Tk_PostscriptFontName
 0001:00056EB4 Tk_PostscriptImage      Tk_PostscriptImage
 0001:00024290 Tk_PostscriptPath       Tk_PostscriptPath
 0001:000261F8 Tk_PostscriptPhoto      Tk_PostscriptPhoto
 0001:00024184 Tk_PostscriptStipple    Tk_PostscriptStipple
 0001:0002424C Tk_PostscriptY          Tk_PostscriptY
 0001:000A0CDC Tk_PreserveColormap     Tk_PreserveColormap
 0001:00045958 Tk_QueueWindowEvent     Tk_QueueWindowEvent
 0001:0000B838 Tk_RadiobuttonObjCmd    Tk_RadiobuttonObjCmd
 0001:0003A15C Tk_RaiseObjCmd          Tk_RaiseObjCmd
 0001:0005708C Tk_RedrawImage          Tk_RedrawImage
 0001:0002B150 Tk_ResetOutlineGC       Tk_ResetOutlineGC
 0001:000A29F0 Tk_ResizeWindow         Tk_ResizeWindow
 0001:000A30E0 Tk_RestackWindow        Tk_RestackWindow
 0001:0003E39C Tk_RestoreSavedOptions  Tk_RestoreSavedOptions
 0001:000458D4 Tk_RestrictEvents       Tk_RestrictEvents
 0001:000A3504 Tk_SafeInit             Tk_SafeInit
 0001:0007FF78 Tk_ScaleObjCmd          Tk_ScaleObjCmd
 0001:00082440 Tk_ScrollbarCmd         Tk_ScrollbarCmd
 0001:000845C4 Tk_SelectionCmd         Tk_SelectionCmd
 0001:000D2D0C Tk_SetAppName           Tk_SetAppName
 0001:000007D0 Tk_SetBackgroundFromBorder  Tk_SetBackgroundFromBorder
 0001:000A2E98 Tk_SetClass             Tk_SetClass
 0001:000DAD50 Tk_SetGrid              Tk_SetGrid
 0001:0004DCD8 Tk_SetInternalBorder    Tk_SetInternalBorder
 0001:0003E168 Tk_SetOptions           Tk_SetOptions
 0001:00057398 Tk_SetTSOrigin          Tk_SetTSOrigin
 0001:000A2C24 Tk_SetWindowBackground  Tk_SetWindowBackground
 0001:000A2C64 Tk_SetWindowBackgroundPixmap  Tk_SetWindowBackgroundPixmap
 0001:000A2CA4 Tk_SetWindowBorder      Tk_SetWindowBorder
 0001:000A2CE4 Tk_SetWindowBorderPixmap  Tk_SetWindowBorderPixmap
 0001:000A2A9C Tk_SetWindowBorderWidth  Tk_SetWindowBorderWidth
 0001:000A2D74 Tk_SetWindowColormap    Tk_SetWindowColormap
 0001:000A2DC8 Tk_SetWindowVisual      Tk_SetWindowVisual
 0001:0000A9B0 Tk_SizeOfBitmap         Tk_SizeOfBitmap
 0001:0005716C Tk_SizeOfImage          Tk_SizeOfImage
 0001:000A338C Tk_StrictMotif          Tk_StrictMotif
 0001:00086204 Tk_TextCmd              Tk_TextCmd
 0001:0004AAAC Tk_TextLayoutToPostscript  Tk_TextLayoutToPostscript
 0001:00049514 Tk_TextWidth            Tk_TextWidth
 0001:0003A318 Tk_TkObjCmd             Tk_TkObjCmd
 0001:0003A78C Tk_TkwaitCmd            Tk_TkwaitCmd
 0001:0004C4AC Tk_ToplevelObjCmd       Tk_ToplevelObjCmd
 0001:000E1E44 Tk_TranslateOS2Event    Tk_TranslateOS2Event
 0001:000A2D60 Tk_UndefineCursor       Tk_UndefineCursor
 0001:00049558 Tk_UnderlineChars       Tk_UnderlineChars
 0001:0004A3D0 Tk_UnderlineTextLayout  Tk_UnderlineTextLayout
 0001:0004FC00 Tk_Ungrab               Tk_Ungrab
 0001:0004DFC8 Tk_UnmaintainGeometry   Tk_UnmaintainGeometry
 0001:000A280C Tk_UnmapWindow          Tk_UnmapWindow
 0001:000DAE78 Tk_UnsetGrid            Tk_UnsetGrid
 0001:0003AAE8 Tk_UpdateObjCmd         Tk_UpdateObjCmd
 0001:0007C99C Tk_UpdatePointer        Tk_UpdatePointer
 0001:0003AEFC Tk_WinfoObjCmd          Tk_WinfoObjCmd
 0001:000D74B4 Tk_WmCmd                Tk_WmCmd
 0001:000AFA08 XAllocColor             XAllocColor
 0001:000E0EF0 XBell                   XBell
 0001:000A6160 XChangeGC               XChangeGC
 0001:000E3634 XChangeProperty         XChangeProperty
 0001:000D416C XChangeWindowAttributes  XChangeWindowAttributes
 0001:000D4054 XClearWindow            XClearWindow
 0001:000D3EAC XConfigureWindow        XConfigureWindow
 0001:000B4CA4 XCopyArea               XCopyArea
 0001:000B55AC XCopyPlane              XCopyPlane
 0001:000A66C0 XCreateBitmapFromData   XCreateBitmapFromData
 0001:000B0880 XCreateColormap         XCreateColormap
 0001:000A65C0 XCreateFontCursor       XCreateFontCursor
 0001:000A5E3C XCreateGC               XCreateGC
 0001:000E363C XCreateGlyphCursor      XCreateGlyphCursor
 0001:000E364C XCreateIC               XCreateIC
 0001:000C5C30 XCreateImage            XCreateImage
 0001:000E3658 XCreatePixmapCursor     XCreatePixmapCursor
 0001:0007CF08 XDefineCursor           XDefineCursor
 0001:000E3664 XDeleteProperty         XDeleteProperty
 0001:000E366C XDestroyIC              XDestroyIC
 0001:000D344C XDestroyWindow          XDestroyWindow
 0001:000B9864 XDrawArc                XDrawArc
 0001:000A65CC XDrawImageString        XDrawImageString
 0001:000A5DBC XDrawLine               XDrawLine
 0001:000B94BC XDrawLines              XDrawLines
 0001:000A65D4 XDrawPoint              XDrawPoint
 0001:000A6600 XDrawPoints             XDrawPoints
 0001:000B96B0 XDrawRectangle          XDrawRectangle
 0001:000A665C XDrawSegments           XDrawSegments
 0001:000A6664 XFetchBuffer            XFetchBuffer
 0001:000A6670 XFetchName              XFetchName
 0001:000B98F8 XFillArc                XFillArc
 0001:000B95B8 XFillPolygon            XFillPolygon
 0001:000A5DFC XFillRectangle          XFillRectangle
 0001:000B7450 XFillRectangles         XFillRectangles
 0001:000E3674 XFilterEvent            XFilterEvent
 0001:000E3680 XForceScreenSaver       XForceScreenSaver
 0001:000B0B6C XFreeColormap           XFreeColormap
 0001:000B0484 XFreeColors             XFreeColors
 0001:000E3688 XFreeCursor             XFreeCursor
 0001:000A6390 XFreeGC                 XFreeGC
 0001:000C8F14 XFreeModifiermap        XFreeModifiermap
 0001:000E3690 XGContextFromGC         XGContextFromGC
 0001:000E369C XGetAtomName            XGetAtomName
 0001:000D0218 XGetGeometry            XGetGeometry
 0001:000C6944 XGetImage               XGetImage
 0001:000D0C98 XGetInputFocus          XGetInputFocus
 0001:000C8E48 XGetModifierMapping     XGetModifierMapping
 0001:000A67CC XGetVisualInfo          XGetVisualInfo
 0001:000E36A8 XGetWindowAttributes    XGetWindowAttributes
 0001:000E37BC XGetWindowProperty      XGetWindowProperty
 0001:000E36B4 XGetWMColormapWindows   XGetWMColormapWindows
 0001:000D0A88 XGrabKeyboard           XGrabKeyboard
 0001:0007CD48 XGrabPointer            XGrabPointer
 0001:000E36C0 XIconifyWindow          XIconifyWindow
 0001:000A67AC XInternAtom             XInternAtom
 0001:000C852C XKeycodeToKeysym        XKeycodeToKeysym
 0001:000C8DA0 XKeysymToKeycode        XKeysymToKeycode
 0001:000C8F50 XKeysymToString         XKeysymToString
 0001:000E36CC XListHosts              XListHosts
 0001:000A667C XListProperties         XListProperties
 0001:000E36D8 XLookupColor            XLookupColor
 0001:000A6688 XMapRaised              XMapRaised
 0001:000D35F4 XMapWindow              XMapWindow
 0001:000E37B0 XmbLookupString         XmbLookupString
 0001:000D39A0 XMoveResizeWindow       XMoveResizeWindow
 0001:000D3B14 XMoveWindow             XMoveWindow
 0001:000E36E4 XNextEvent              XNextEvent
 0001:000A5B58 XParseColor             XParseColor
 0001:000E36EC XPutBackEvent           XPutBackEvent
 0001:000A6690 XPutImage               XPutImage
 0001:000E36F4 XQueryColors            XQueryColors
 0001:000D0BE0 XQueryPointer           XQueryPointer
 0001:000A6698 XQueryTextExtents       XQueryTextExtents
 0001:000E36FC XQueryTree              XQueryTree
 0001:000D3D88 XRaiseWindow            XRaiseWindow
 0001:000E3708 XRefreshKeyboardMapping  XRefreshKeyboardMapping
 0001:000A66A0 XReparentWindow         XReparentWindow
 0001:000D3C70 XResizeWindow           XResizeWindow
 0001:000E3710 XRootWindow             XRootWindow
 0001:000A66A8 XRotateBuffers          XRotateBuffers
 0001:000E371C XSelectInput            XSelectInput
 0001:000E3724 XSendEvent              XSendEvent
 0001:000A648C XSetArcMode             XSetArcMode
 0001:000A63D0 XSetBackground          XSetBackground
 0001:000A6558 XSetClipMask            XSetClipMask
 0001:000A64D8 XSetClipOrigin          XSetClipOrigin
 0001:000E3730 XSetCommand             XSetCommand
 0001:000A63E0 XSetDashes              XSetDashes
 0001:000E3738 XSetErrorHandler        XSetErrorHandler
 0001:000A6444 XSetFillRule            XSetFillRule
 0001:000A6454 XSetFillStyle           XSetFillStyle
 0001:000A647C XSetFont                XSetFont
 0001:000A63C0 XSetForeground          XSetForeground
 0001:000A6434 XSetFunction            XSetFunction
 0001:000E3744 XSetIconName            XSetIconName
 0001:000D0D04 XSetInputFocus          XSetInputFocus
 0001:000A64AC XSetLineAttributes      XSetLineAttributes
 0001:000AE30C XSetSelectionOwner      XSetSelectionOwner
 0001:000A649C XSetStipple             XSetStipple
 0001:000A6464 XSetTSOrigin            XSetTSOrigin
 0001:000E374C XSetWindowBackground    XSetWindowBackground
 0001:000E3754 XSetWindowBackgroundPixmap  XSetWindowBackgroundPixmap
 0001:000E375C XSetWindowBorder        XSetWindowBorder
 0001:000E3764 XSetWindowBorderPixmap  XSetWindowBorderPixmap
 0001:000E376C XSetWindowBorderWidth   XSetWindowBorderWidth
 0001:000E3774 XSetWindowColormap      XSetWindowColormap
 0001:000E3620 XSetWMClientMachine     XSetWMClientMachine
 0001:000A66B0 XStoreBuffer            XStoreBuffer
 0001:000E3628 XStringListToTextProperty  XStringListToTextProperty
 0001:000C8F44 XStringToKeysym         XStringToKeysym
 0001:000E377C XTranslateCoordinates   XTranslateCoordinates
 0001:000A66B8 XUndefineCursor         XUndefineCursor
 0001:000D0ABC XUngrabKeyboard         XUngrabKeyboard
 0001:0007CDC8 XUngrabPointer          XUngrabPointer
 0001:000D3858 XUnmapWindow            XUnmapWindow
 0001:000D0C1C XWarpPointer            XWarpPointer
 0001:000E3788 XWindowEvent            XWindowEvent
 0001:000E3790 XWithdrawWindow         XWithdrawWindow
 0001:000B4104 _DLL_InitTerm           _DLL_InitTerm
 0001:000E3614 _XInitImageFuncPtrs     _XInitImageFuncPtrs

Program entry point at 0001:00000000

tkStubLib.obj(tkStubLib.c) :  error L2029: 'tclStubsPtr' : unresolved external
tkOS2X.obj(tkOS2X.c) :  error L2029: 'tclStubsPtr' : unresolved external
tkOS2Wm.obj(tkOS2Wm.c) :  error L2029: 'tclStubsPtr' : unresolved external
tkOS2Window.obj(tkOS2Window.c) :  error L2029: 'tclStubsPtr' : unresolved external
tkOS2Scrlbr.obj(tkOS2Scrlbr.c) :  error L2029: 'tclStubsPtr' : unresolved external
tkOS2Pointer.obj(tkOS2Pointer.c) :  error L2029: 'tclStubsPtr' : unresolved external
tkOS2Pixmap.obj(tkOS2Pixmap.c) :  error L2029: 'tclStubsPtr' : unresolved external
tkOS2Menu.obj(tkOS2Menu.c) :  error L2029: 'tclStubsPtr' : unresolved external
tkOS2Key.obj(tkOS2Key.c) :  error L2029: 'tclStubsPtr' : unresolved external
tkOS2Init.obj(tkOS2Init.c) :  error L2029: 'tclStubsPtr' : unresolved external
tkOS2Image.obj(tkOS2Image.c) :  error L2029: 'tclStubsPtr' : unresolved external
tkOS2Font.obj(tkOS2Font.c) :  error L2029: 'tclStubsPtr' : unresolved external
tkOS2Embed.obj(tkOS2Embed.c) :  error L2029: 'tclStubsPtr' : unresolved external
tkOS2Draw.obj(tkOS2Draw.c) :  error L2029: 'tclStubsPtr' : unresolved external
tkOS2Dialog.obj(tkOS2Dialog.c) :  error L2029: 'tclStubsPtr' : unresolved external
tkOS2Cursor.obj(tkOS2Cursor.c) :  error L2029: 'tclStubsPtr' : unresolved external
tkOS2Color.obj(tkOS2Color.c) :  error L2029: 'tclStubsPtr' : unresolved external
tkOS2Clipboard.obj(tkOS2Clipboard.c) :  error L2029: 'tclStubsPtr' : unresolved external
tkOS2Button.obj(tkOS2Button.c) :  error L2029: 'tclStubsPtr' : unresolved external
tkOS23d.obj(tkOS23d.c) :  error L2029: 'tclStubsPtr' : unresolved external
D:\emx\lib\dll0.obj(dll0.obj) :  error L2029: '_end' : unresolved external
tkTrig.obj(..\generic\tkTrig.c) :  error L2029: 'hypot' : unresolved external
tkRectOval.obj(..\generic\tkRectOval.c) :  error L2029: 'hypot' : unresolved external
tkFont.obj(..\generic\tkFont.c) :  error L2029: 'hypot' : unresolved external
tkCanvWind.obj(..\generic\tkCanvWind.c) :  error L2029: 'hypot' : unresolved external
tkCanvPoly.obj(..\generic\tkCanvPoly.c) :  error L2029: 'hypot' : unresolved external
tkCanvLine.obj(..\generic\tkCanvLine.c) :  error L2029: 'hypot' : unresolved external
tkCanvImg.obj(..\generic\tkCanvImg.c) :  error L2029: 'hypot' : unresolved external
tkCanvBmap.obj(..\generic\tkCanvBmap.c) :  error L2029: 'hypot' : unresolved external
tkCanvArc.obj(..\generic\tkCanvArc.c) :  error L2029: 'hypot' : unresolved external
D:\emx\lib\dll0.obj(dll0.obj) :  error L2029: '_edata' : unresolved external
D:\emx\lib\dll0.obj(dll0.obj) :  error L2029: '_etext' : unresolved external
tkOS2Font.obj(tkOS2Font.c) :  error L2029: 'stricmp' : unresolved external
tkOS2Color.obj(tkOS2Color.c) :  error L2029: 'stricmp' : unresolved external
xcolors.obj(..\xlib\xcolors.c) :  error L2029: 'stricmp' : unresolved external
tkFont.obj(..\generic\tkFont.c) :  error L2029: 'stricmp' : unresolved external
tkOS2Font.obj(tkOS2Font.c) :  error L2029: 'strnicmp' : unresolved external
tkOS2Color.obj(tkOS2Color.c) :  error L2029: 'strnicmp' : unresolved external
tkImgPhoto.obj(tkImgPhoto.c) :  error L2029: 'strnicmp' : unresolved external
tkFont.obj(..\generic\tkFont.c) :  error L2029: 'strnicmp' : unresolved external
tkCanvPs.obj(..\generic\tkCanvPs.c) :  error L2029: 'strnicmp' : unresolved external

